// Jest Snapshot v1, https://goo.gl/fbAQLP

exports[`render FlatList 1`] = `
<RCTScrollView
  data={
    [
      "item",
    ]
  }
  getItem={[Function]}
  getItemCount={[Function]}
  keyExtractor={[Function]}
  onContentSizeChange={[Function]}
  onLayout={[Function]}
  onMomentumScrollBegin={[Function]}
  onMomentumScrollEnd={[Function]}
  onScroll={[Function]}
  onScrollBeginDrag={[Function]}
  onScrollEndDrag={[Function]}
  removeClippedSubviews={false}
  renderItem={[Function]}
  scrollEventThrottle={50}
  stickyHeaderIndices={[]}
  viewabilityConfigCallbackPairs={[]}
>
  <View>
    <View
      onLayout={[Function]}
      style={null}
    />
  </View>
</RCTScrollView>
`;
